// Jest Snapshot v1, https://goo.gl/fbAQLP

exports[`NavigationBar android snapshots should match snapshot default 1`] = `
<View
  style={
    {
      "paddingTop": 42,
    }
  }
>
  <View
    style={
      {
        "alignItems": "center",
        "flexDirection": "row",
        "height": 48,
        "justifyContent": "space-between",
      }
    }
  >
    <View
      accessibilityState={
        {
          "busy": undefined,
          "checked": undefined,
          "disabled": undefined,
          "expanded": undefined,
          "selected": undefined,
        }
      }
      accessibilityValue={
        {
          "max": undefined,
          "min": undefined,
          "now": undefined,
          "text": undefined,
        }
      }
      accessible={true}
      collapsable={false}
      focusable={true}
      onClick={[Function]}
      onResponderGrant={[Function]}
      onResponderMove={[Function]}
      onResponderRelease={[Function]}
      onResponderTerminate={[Function]}
      onResponderTerminationRequest={[Function]}
      onStartShouldSetResponder={[Function]}
      style={
        {
          "marginLeft": 28,
          "opacity": 1,
        }
      }
      testID="go-back-action"
    >
      <RNSVGSvgViewAndroid
        align="xMidYMid"
        bbHeight="24"
        bbWidth="24"
        fill="none"
        focusable={false}
        height={24}
        meetOrSlice={0}
        minX={0}
        minY={0}
        style={
          [
            {
              "backgroundColor": "transparent",
              "borderWidth": 0,
            },
            {
              "flex": 0,
              "height": 24,
              "width": 24,
            },
          ]
        }
        vbHeight={24}
        vbWidth={24}
        width={24}
      >
        <RNSVGGroup
          fill={null}
          propList={
            [
              "fill",
            ]
          }
        >
          <RNSVGPath
            clipRule={0}
            d="M12.778 3.222a1.1 1.1 0 0 1 0 1.556L5.556 12l7.222 7.222a1.1 1.1 0 1 1-1.555 1.556l-8-8a1.1 1.1 0 0 1 0-1.556l8-8a1.1 1.1 0 0 1 1.555 0Z"
            fill={
              {
                "payload": -12697271,
                "type": 0,
              }
            }
            fillRule={0}
            propList={
              [
                "fill",
                "fillRule",
              ]
            }
          />
        </RNSVGGroup>
      </RNSVGSvgViewAndroid>
    </View>
    <View
      pointerEvents="none"
      style={
        {
          "alignItems": "center",
          "bottom": 0,
          "justifyContent": "center",
          "left": 0,
          "position": "absolute",
          "right": 0,
          "top": 0,
        }
      }
    >
      <Text
        allowFontScaling={false}
        numberOfLines={2}
        style={
          {
            "color": "#3E4149",
            "flexShrink": 1,
            "fontFamily": "Averta CY",
            "fontSize": 16,
            "fontWeight": "bold",
            "letterSpacing": -0.02,
            "lineHeight": 22,
            "textAlign": "center",
          }
        }
        testID="navigation-bar-title"
      >
        Teste de título
      </Text>
    </View>
    <View
      style={
        {
          "marginRight": 28,
        }
      }
    />
  </View>
</View>
`;

exports[`NavigationBar android snapshots should match snapshot with custom status bar 1`] = `
<View
  style={
    {
      "paddingTop": 42,
    }
  }
>
  <View
    style={
      {
        "alignItems": "center",
        "flexDirection": "row",
        "height": 48,
        "justifyContent": "space-between",
      }
    }
  >
    <View
      accessibilityState={
        {
          "busy": undefined,
          "checked": undefined,
          "disabled": undefined,
          "expanded": undefined,
          "selected": undefined,
        }
      }
      accessibilityValue={
        {
          "max": undefined,
          "min": undefined,
          "now": undefined,
          "text": undefined,
        }
      }
      accessible={true}
      collapsable={false}
      focusable={true}
      onClick={[Function]}
      onResponderGrant={[Function]}
      onResponderMove={[Function]}
      onResponderRelease={[Function]}
      onResponderTerminate={[Function]}
      onResponderTerminationRequest={[Function]}
      onStartShouldSetResponder={[Function]}
      style={
        {
          "marginLeft": 28,
          "opacity": 1,
        }
      }
      testID="go-back-action"
    >
      <RNSVGSvgViewAndroid
        align="xMidYMid"
        bbHeight="24"
        bbWidth="24"
        fill="none"
        focusable={false}
        height={24}
        meetOrSlice={0}
        minX={0}
        minY={0}
        style={
          [
            {
              "backgroundColor": "transparent",
              "borderWidth": 0,
            },
            {
              "flex": 0,
              "height": 24,
              "width": 24,
            },
          ]
        }
        vbHeight={24}
        vbWidth={24}
        width={24}
      >
        <RNSVGGroup
          fill={null}
          propList={
            [
              "fill",
            ]
          }
        >
          <RNSVGPath
            clipRule={0}
            d="M12.778 3.222a1.1 1.1 0 0 1 0 1.556L5.556 12l7.222 7.222a1.1 1.1 0 1 1-1.555 1.556l-8-8a1.1 1.1 0 0 1 0-1.556l8-8a1.1 1.1 0 0 1 1.555 0Z"
            fill={
              {
                "payload": -12697271,
                "type": 0,
              }
            }
            fillRule={0}
            propList={
              [
                "fill",
                "fillRule",
              ]
            }
          />
        </RNSVGGroup>
      </RNSVGSvgViewAndroid>
    </View>
    <View
      pointerEvents="none"
      style={
        {
          "alignItems": "center",
          "bottom": 0,
          "justifyContent": "center",
          "left": 0,
          "position": "absolute",
          "right": 0,
          "top": 0,
        }
      }
    >
      <Text
        allowFontScaling={false}
        numberOfLines={2}
        style={
          {
            "color": "#3E4149",
            "flexShrink": 1,
            "fontFamily": "Averta CY",
            "fontSize": 16,
            "fontWeight": "bold",
            "letterSpacing": -0.02,
            "lineHeight": 22,
            "textAlign": "center",
          }
        }
        testID="navigation-bar-title"
      >
        Teste de título
      </Text>
    </View>
    <View
      style={
        {
          "marginRight": 28,
        }
      }
    />
  </View>
</View>
`;
