// Jest Snapshot v1, https://goo.gl/fbAQLP

exports[`IconWithBackground snapshot default 1`] = `
<View
  style={
    {
      "alignItems": "center",
      "backgroundColor": "#FDEBE3",
      "borderRadius": 12,
      "height": 36,
      "justifyContent": "center",
      "width": 36,
    }
  }
>
  <RNSVGSvgView
    align="xMidYMid"
    bbHeight="24"
    bbWidth="24"
    fill="none"
    focusable={false}
    height={24}
    meetOrSlice={0}
    minX={0}
    minY={0}
    style={
      [
        {
          "backgroundColor": "transparent",
          "borderWidth": 0,
        },
        {
          "flex": 0,
          "height": 24,
          "width": 24,
        },
      ]
    }
    vbHeight={24}
    vbWidth={24}
    width={24}
  >
    <RNSVGGroup
      fill={null}
      propList={
        [
          "fill",
        ]
      }
    >
      <RNSVGPath
        d="m14.081 7.116 3.312-3.312a1.982 1.982 0 0 1 2.803 2.803l-3.312 3.312 1.792 8.917c.066.328-.037.667-.273.904l-.66.66a1 1 0 0 1-1.639-.344l-2.624-6.733-3.406 3.406.182 2.17a1 1 0 0 1-.289.791l-1.086 1.086-2.12-3.536-3.537-2.121 1.086-1.086a.998.998 0 0 1 .791-.289l2.17.182 3.406-3.406-6.732-2.624A1 1 0 0 1 3.6 6.257l.66-.66a.999.999 0 0 1 .904-.273l8.917 1.792Z"
        fill={
          {
            "payload": 4278190080,
            "type": 0,
          }
        }
        propList={
          [
            "stroke",
            "strokeWidth",
            "strokeLinecap",
            "strokeLinejoin",
          ]
        }
        stroke={
          {
            "payload": 4293482516,
            "type": 0,
          }
        }
        strokeLinecap={1}
        strokeLinejoin={1}
        strokeWidth="1.8"
      />
    </RNSVGGroup>
  </RNSVGSvgView>
</View>
`;
