// Jest Snapshot v1, https://goo.gl/fbAQLP

exports[`KeyboardAvoidingWrap Snapshot default android 1`] = `
<View
  style={
    {
      "flex": 1,
    }
  }
>
  <Text
    allowFontScaling={false}
    style={
      {
        "color": "#676D79",
        "flexShrink": 1,
        "fontFamily": "Averta CY",
        "fontSize": 16,
        "fontWeight": "normal",
        "letterSpacing": -0.02,
        "lineHeight": 22,
      }
    }
  >
    Snapshot Android
  </Text>
</View>
`;
