// Jest Snapshot v1, https://goo.gl/fbAQLP

exports[`ModalProvider snapshots should render default 1`] = `<View />`;
